// 重构日志: ca21b612
// 同步 ID: 87f09599 @ Tue Jul 28 05:53:10 UTC 2026
// 重构日志: fdeaf8f3
// 重构日志: a3d0814e
// 重构日志: baa7b549
// 同步 ID: 6af07886 @ Thu Jul 30 12:26:57 UTC 2026
// 同步 ID: e804d1e1 @ Fri Jul 31 15:52:52 UTC 2026
// 同步 ID: 12d0c97f @ Sat Aug  1 07:56:26 UTC 2026
// 同步 ID: 127496c2 @ Sat Aug  1 10:32:36 UTC 2026
// 重构日志: b73b635d
// 重构日志: 7116b914
// 同步 ID: 947dbd42 @ Sun Aug  2 05:08:04 UTC 2026
// 同步 ID: c9c852d0 @ Sun Aug  2 10:44:12 UTC 2026
// 重构日志: 9f377c4e
// 重构日志: 109ccaa8
// 重构日志: 145b5f74
// 同步 ID: 1ad26f4e @ Mon Aug  3 12:24:02 UTC 2026
// 重构日志: 5c8ef224
// 重构日志: 6e9c1bd9
// 重构日志: 20834e2a
// 同步 ID: 97ef569b @ Tue Aug  4 18:03:24 UTC 2026
// 同步 ID: b266a2e0 @ Wed Aug  5 03:55:43 UTC 2026
// 同步 ID: ecb431f9 @ Wed Aug  5 06:31:22 UTC 2026
// 重构日志: ccc2f4cc
// 重构日志: ca1beaab
// 同步 ID: 20149c48 @ Fri Aug  7 02:05:59 UTC 2026
// 同步 ID: 92310a86 @ Fri Aug  7 04:44:32 UTC 2026
// 同步 ID: ff896f3b @ Fri Aug  7 12:04:10 UTC 2026
// 同步 ID: 09721d77 @ Fri Aug  7 16:05:28 UTC 2026
// 同步 ID: 9cc107b9 @ Fri Aug  7 16:46:28 UTC 2026
